[Error : 400 : Bad Request: Message text is empty] (400)
